[INFO] Scanning for projects...
[INFO] 
[INFO] -----------< com.Architecture_Website:Architecture_Website >------------
[INFO] Building Architecture_Website 0.0.1-SNAPSHOT
[INFO]   from pom.xml
[INFO] --------------------------------[ jar ]---------------------------------
[INFO] 
[INFO] --- clean:3.5.0:clean (default-clean) @ Architecture_Website ---
[INFO] Deleting C:\Users\Acer\Desktop\MaiHuongARC\Architecture_website\target
[INFO] 
[INFO] --- resources:3.3.1:resources (default-resources) @ Architecture_Website ---
[INFO] Copying 1 resource from src\main\resources to target\classes
[INFO] Copying 0 resource from src\main\resources to target\classes
[INFO] 
[INFO] --- compiler:3.14.1:compile (default-compile) @ Architecture_Website ---
[INFO] Recompiling the module because of changed source code.
[INFO] Compiling 42 source files with javac [debug parameters release 17] to target\classes
[INFO] -------------------------------------------------------------
[ERROR] COMPILATION ERROR : 
[INFO] -------------------------------------------------------------
[ERROR] /C:/Users/Acer/Desktop/MaiHuongARC/Architecture_website/src/main/java/com/Architecture_Website/Architecture_Website/Model/ProjectEntity.java:[14,9] class, interface, enum, or record expected
[ERROR] /C:/Users/Acer/Desktop/MaiHuongARC/Architecture_website/src/main/java/com/Architecture_Website/Architecture_Website/Model/ProjectEntity.java:[21,29] '{' expected
[ERROR] /C:/Users/Acer/Desktop/MaiHuongARC/Architecture_website/src/main/java/com/Architecture_Website/Architecture_Website/Model/ProjectEntity.java:[24,9] illegal start of expression
[ERROR] /C:/Users/Acer/Desktop/MaiHuongARC/Architecture_website/src/main/java/com/Architecture_Website/Architecture_Website/Model/ProjectEntity.java:[24,17] class, interface, enum, or record expected
[ERROR] /C:/Users/Acer/Desktop/MaiHuongARC/Architecture_website/src/main/java/com/Architecture_Website/Architecture_Website/Model/ProjectEntity.java:[25,17] class, interface, enum, or record expected
[ERROR] /C:/Users/Acer/Desktop/MaiHuongARC/Architecture_website/src/main/java/com/Architecture_Website/Architecture_Website/Model/ProjectEntity.java:[27,17] class, interface, enum, or record expected
[ERROR] /C:/Users/Acer/Desktop/MaiHuongARC/Architecture_website/src/main/java/com/Architecture_Website/Architecture_Website/Model/ProjectEntity.java:[29,17] class, interface, enum, or record expected
[ERROR] /C:/Users/Acer/Desktop/MaiHuongARC/Architecture_website/src/main/java/com/Architecture_Website/Architecture_Website/Model/ProjectEntity.java:[31,17] class, interface, enum, or record expected
[ERROR] /C:/Users/Acer/Desktop/MaiHuongARC/Architecture_website/src/main/java/com/Architecture_Website/Architecture_Website/Model/ProjectEntity.java:[32,27] ')' expected
[ERROR] /C:/Users/Acer/Desktop/MaiHuongARC/Architecture_website/src/main/java/com/Architecture_Website/Architecture_Website/Model/ProjectEntity.java:[33,17] class, interface, enum, or record expected
[ERROR] /C:/Users/Acer/Desktop/MaiHuongARC/Architecture_website/src/main/java/com/Architecture_Website/Architecture_Website/Model/ProjectEntity.java:[35,17] class, interface, enum, or record expected
[ERROR] /C:/Users/Acer/Desktop/MaiHuongARC/Architecture_website/src/main/java/com/Architecture_Website/Architecture_Website/Model/ProjectEntity.java:[35,39] unclosed string literal
[ERROR] /C:/Users/Acer/Desktop/MaiHuongARC/Architecture_website/src/main/java/com/Architecture_Website/Architecture_Website/Model/ProjectEntity.java:[39,17] class, interface, enum, or record expected
[ERROR] /C:/Users/Acer/Desktop/MaiHuongARC/Architecture_website/src/main/java/com/Architecture_Website/Architecture_Website/Model/ProjectEntity.java:[43,10] class, interface, enum, or record expected
[ERROR] /C:/Users/Acer/Desktop/MaiHuongARC/Architecture_website/src/main/java/com/Architecture_Website/Architecture_Website/Model/ProjectEntity.java:[47,13] class, interface, enum, or record expected
[ERROR] /C:/Users/Acer/Desktop/MaiHuongARC/Architecture_website/src/main/java/com/Architecture_Website/Architecture_Website/Model/ProjectEntity.java:[53,13] class, interface, enum, or record expected
[ERROR] /C:/Users/Acer/Desktop/MaiHuongARC/Architecture_website/src/main/java/com/Architecture_Website/Architecture_Website/Model/ProjectEntity.java:[55,1] class, interface, enum, or record expected
[INFO] 17 errors 
[INFO] -------------------------------------------------------------
[INFO] ------------------------------------------------------------------------
[INFO] BUILD FAILURE
[INFO] ------------------------------------------------------------------------
[INFO] Total time:  1.325 s
[INFO] Finished at: 2026-02-26T21:31:44+07:00
[INFO] ------------------------------------------------------------------------
[ERROR] Failed to execute goal org.apache.maven.plugins:maven-compiler-plugin:3.14.1:compile (default-compile) on project Architecture_Website: Compilation failure: Compilation failure: 
[ERROR] /C:/Users/Acer/Desktop/MaiHuongARC/Architecture_website/src/main/java/com/Architecture_Website/Architecture_Website/Model/ProjectEntity.java:[14,9] class, interface, enum, or record expected
[ERROR] /C:/Users/Acer/Desktop/MaiHuongARC/Architecture_website/src/main/java/com/Architecture_Website/Architecture_Website/Model/ProjectEntity.java:[21,29] '{' expected
[ERROR] /C:/Users/Acer/Desktop/MaiHuongARC/Architecture_website/src/main/java/com/Architecture_Website/Architecture_Website/Model/ProjectEntity.java:[24,9] illegal start of expression
[ERROR] /C:/Users/Acer/Desktop/MaiHuongARC/Architecture_website/src/main/java/com/Architecture_Website/Architecture_Website/Model/ProjectEntity.java:[24,17] class, interface, enum, or record expected
[ERROR] /C:/Users/Acer/Desktop/MaiHuongARC/Architecture_website/src/main/java/com/Architecture_Website/Architecture_Website/Model/ProjectEntity.java:[25,17] class, interface, enum, or record expected
[ERROR] /C:/Users/Acer/Desktop/MaiHuongARC/Architecture_website/src/main/java/com/Architecture_Website/Architecture_Website/Model/ProjectEntity.java:[27,17] class, interface, enum, or record expected
[ERROR] /C:/Users/Acer/Desktop/MaiHuongARC/Architecture_website/src/main/java/com/Architecture_Website/Architecture_Website/Model/ProjectEntity.java:[29,17] class, interface, enum, or record expected
[ERROR] /C:/Users/Acer/Desktop/MaiHuongARC/Architecture_website/src/main/java/com/Architecture_Website/Architecture_Website/Model/ProjectEntity.java:[31,17] class, interface, enum, or record expected
[ERROR] /C:/Users/Acer/Desktop/MaiHuongARC/Architecture_website/src/main/java/com/Architecture_Website/Architecture_Website/Model/ProjectEntity.java:[32,27] ')' expected
[ERROR] /C:/Users/Acer/Desktop/MaiHuongARC/Architecture_website/src/main/java/com/Architecture_Website/Architecture_Website/Model/ProjectEntity.java:[33,17] class, interface, enum, or record expected
[ERROR] /C:/Users/Acer/Desktop/MaiHuongARC/Architecture_website/src/main/java/com/Architecture_Website/Architecture_Website/Model/ProjectEntity.java:[35,17] class, interface, enum, or record expected
[ERROR] /C:/Users/Acer/Desktop/MaiHuongARC/Architecture_website/src/main/java/com/Architecture_Website/Architecture_Website/Model/ProjectEntity.java:[35,39] unclosed string literal
[ERROR] /C:/Users/Acer/Desktop/MaiHuongARC/Architecture_website/src/main/java/com/Architecture_Website/Architecture_Website/Model/ProjectEntity.java:[39,17] class, interface, enum, or record expected
[ERROR] /C:/Users/Acer/Desktop/MaiHuongARC/Architecture_website/src/main/java/com/Architecture_Website/Architecture_Website/Model/ProjectEntity.java:[43,10] class, interface, enum, or record expected
[ERROR] /C:/Users/Acer/Desktop/MaiHuongARC/Architecture_website/src/main/java/com/Architecture_Website/Architecture_Website/Model/ProjectEntity.java:[47,13] class, interface, enum, or record expected
[ERROR] /C:/Users/Acer/Desktop/MaiHuongARC/Architecture_website/src/main/java/com/Architecture_Website/Architecture_Website/Model/ProjectEntity.java:[53,13] class, interface, enum, or record expected
[ERROR] /C:/Users/Acer/Desktop/MaiHuongARC/Architecture_website/src/main/java/com/Architecture_Website/Architecture_Website/Model/ProjectEntity.java:[55,1] class, interface, enum, or record expected
[ERROR] -> [Help 1]
[ERROR] 
[ERROR] To see the full stack trace of the errors, re-run Maven with the -e switch.
[ERROR] Re-run Maven using the -X switch to enable full debug logging.
[ERROR] 
[ERROR] For more information about the errors and possible solutions, please read the following articles:
[ERROR] [Help 1] http://cwiki.apache.org/confluence/display/MAVEN/MojoFailureException
